// Jest Snapshot v1, https://goo.gl/fbAQLP

exports[`Digit Component renders correctly 1`] = `
<nav
  className="navbar navbar-expand-lg bg-light"
>
  <div
    className="container-fluid"
  >
    <a
      className="navbar-brand"
      href="/"
    >
      Math Magicians
    </a>
    <button
      aria-controls="navbarNav"
      aria-expanded="false"
      aria-label="Toggle navigation"
      className="navbar-toggler"
      data-bs-target="#navbarNav"
      data-bs-toggle="collapse"
      type="button"
    >
      <span
        className="navbar-toggler-icon"
      />
    </button>
    <div
      className="collapse navbar-collapse flex-end"
      id="navbarNav"
    >
      <ul
        className="navbar-nav"
      >
        <li
          className="nav-item"
        >
          <a
            aria-current="page"
            className="nav-link active"
            href="/"
            onClick={[Function]}
          >
            Home
          </a>
        </li>
        <li
          className="nav-item"
        >
          <a
            className="nav-link active"
            href="/calculator"
            onClick={[Function]}
          >
            Calculator
          </a>
        </li>
        <li
          className="nav-item"
        >
          <a
            className="nav-link active"
            href="/quote"
            onClick={[Function]}
          >
            Quote
          </a>
        </li>
      </ul>
    </div>
  </div>
</nav>
`;
